Archive member included because of file (symbol)

c:/winavr-20071221/bin/../lib/gcc/avr/4.2.2/avr6\libgcc.a(_udivmodqi4.o)
                              UART.o (__udivmodqi4)
c:/winavr-20071221/bin/../lib/gcc/avr/4.2.2/avr6\libgcc.a(_udivmodhi4.o)
                              UART.o (__udivmodhi4)
c:/winavr-20071221/bin/../lib/gcc/avr/4.2.2/avr6\libgcc.a(_exit.o)
                              c:/winavr-20071221/bin/../lib/gcc/avr/4.2.2/../../../../avr/lib/avr6/crtm2560.o (exit)
c:/winavr-20071221/bin/../lib/gcc/avr/4.2.2/avr6\libgcc.a(_clear_bss.o)
                              UART.o (__do_clear_bss)
c:/winavr-20071221/bin/../lib/gcc/avr/4.2.2/avr6\libgcc.a(_fixunssfsi.o)
                              UART.o (__fixunssfsi)
c:/winavr-20071221/bin/../lib/gcc/avr/4.2.2/avr6\libgcc.a(_addsub_sf.o)
                              UART.o (__subsf3)
c:/winavr-20071221/bin/../lib/gcc/avr/4.2.2/avr6\libgcc.a(_div_sf.o)
                              UART.o (__divsf3)
c:/winavr-20071221/bin/../lib/gcc/avr/4.2.2/avr6\libgcc.a(_ge_sf.o)
                              c:/winavr-20071221/bin/../lib/gcc/avr/4.2.2/avr6\libgcc.a(_fixunssfsi.o) (__gesf2)
c:/winavr-20071221/bin/../lib/gcc/avr/4.2.2/avr6\libgcc.a(_sf_to_si.o)
                              c:/winavr-20071221/bin/../lib/gcc/avr/4.2.2/avr6\libgcc.a(_fixunssfsi.o) (__fixsfsi)
c:/winavr-20071221/bin/../lib/gcc/avr/4.2.2/avr6\libgcc.a(_thenan_sf.o)
                              c:/winavr-20071221/bin/../lib/gcc/avr/4.2.2/avr6\libgcc.a(_addsub_sf.o) (__thenan_sf)
c:/winavr-20071221/bin/../lib/gcc/avr/4.2.2/avr6\libgcc.a(_usi_to_sf.o)
                              UART.o (__floatunsisf)
c:/winavr-20071221/bin/../lib/gcc/avr/4.2.2/avr6\libgcc.a(_prologue.o)
                              c:/winavr-20071221/bin/../lib/gcc/avr/4.2.2/avr6\libgcc.a(_addsub_sf.o) (__prologue_saves__)
c:/winavr-20071221/bin/../lib/gcc/avr/4.2.2/avr6\libgcc.a(_epilogue.o)
                              c:/winavr-20071221/bin/../lib/gcc/avr/4.2.2/avr6\libgcc.a(_addsub_sf.o) (__epilogue_restores__)
c:/winavr-20071221/bin/../lib/gcc/avr/4.2.2/avr6\libgcc.a(_clzsi2.o)
                              c:/winavr-20071221/bin/../lib/gcc/avr/4.2.2/avr6\libgcc.a(_usi_to_sf.o) (__clzsi2)
c:/winavr-20071221/bin/../lib/gcc/avr/4.2.2/avr6\libgcc.a(_pack_sf.o)
                              c:/winavr-20071221/bin/../lib/gcc/avr/4.2.2/avr6\libgcc.a(_addsub_sf.o) (__pack_f)
c:/winavr-20071221/bin/../lib/gcc/avr/4.2.2/avr6\libgcc.a(_unpack_sf.o)
                              c:/winavr-20071221/bin/../lib/gcc/avr/4.2.2/avr6\libgcc.a(_addsub_sf.o) (__unpack_f)
c:/winavr-20071221/bin/../lib/gcc/avr/4.2.2/avr6\libgcc.a(_fpcmp_parts_sf.o)
                              c:/winavr-20071221/bin/../lib/gcc/avr/4.2.2/avr6\libgcc.a(_ge_sf.o) (__fpcmp_parts_f)
c:/winavr-20071221/bin/../lib/gcc/avr/4.2.2/avr6\libgcc.a(_clz.o)
                              c:/winavr-20071221/bin/../lib/gcc/avr/4.2.2/avr6\libgcc.a(_clzsi2.o) (__clz_tab)

Allocating common symbols
Common symbol       size              file

RX                  0x42              UART.o
TX                  0x42              UART.o

Memory Configuration

Name             Origin             Length             Attributes
text             0x00000000         0x00100000         xr
data             0x00800060         0x0000ffa0         rw !x
eeprom           0x00810000         0x00010000         rw !x
fuse             0x00820000         0x00000400         rw !x
lock             0x00830000         0x00000400         rw !x
signature        0x00840000         0x00000400         rw !x
*default*        0x00000000         0xffffffff

Linker script and memory map

Address of section .data set to 0x800200
LOAD c:/winavr-20071221/bin/../lib/gcc/avr/4.2.2/../../../../avr/lib/avr6/crtm2560.o
LOAD UART.o
LOAD P9.o
LOAD c:/winavr-20071221/bin/../lib/gcc/avr/4.2.2/avr6\libgcc.a
LOAD c:/winavr-20071221/bin/../lib/gcc/avr/4.2.2/../../../../avr/lib/avr6\libc.a
LOAD c:/winavr-20071221/bin/../lib/gcc/avr/4.2.2/avr6\libgcc.a

.hash
 *(.hash)

.dynsym
 *(.dynsym)

.dynstr
 *(.dynstr)

.gnu.version
 *(.gnu.version)

.gnu.version_d
 *(.gnu.version_d)

.gnu.version_r
 *(.gnu.version_r)

.rel.init
 *(.rel.init)

.rela.init
 *(.rela.init)

.rel.text
 *(.rel.text)
 *(.rel.text.*)
 *(.rel.gnu.linkonce.t*)

.rela.text
 *(.rela.text)
 *(.rela.text.*)
 *(.rela.gnu.linkonce.t*)

.rel.fini
 *(.rel.fini)

.rela.fini
 *(.rela.fini)

.rel.rodata
 *(.rel.rodata)
 *(.rel.rodata.*)
 *(.rel.gnu.linkonce.r*)

.rela.rodata
 *(.rela.rodata)
 *(.rela.rodata.*)
 *(.rela.gnu.linkonce.r*)

.rel.data
 *(.rel.data)
 *(.rel.data.*)
 *(.rel.gnu.linkonce.d*)

.rela.data
 *(.rela.data)
 *(.rela.data.*)
 *(.rela.gnu.linkonce.d*)

.rel.ctors
 *(.rel.ctors)

.rela.ctors
 *(.rela.ctors)

.rel.dtors
 *(.rel.dtors)

.rela.dtors
 *(.rela.dtors)

.rel.got
 *(.rel.got)

.rela.got
 *(.rela.got)

.rel.bss
 *(.rel.bss)

.rela.bss
 *(.rela.bss)

.rel.plt
 *(.rel.plt)

.rela.plt
 *(.rela.plt)

.text           0x00000000     0x1680
 *(.vectors)
 .vectors       0x00000000       0xe4 c:/winavr-20071221/bin/../lib/gcc/avr/4.2.2/../../../../avr/lib/avr6/crtm2560.o
                0x00000000                __vectors
                0x00000000                __vector_default
 *(.vectors)
 *(.progmem.gcc*)
 *(.progmem*)
                0x000000e4                . = ALIGN (0x2)
                0x000000e4                __trampolines_start = .
 *(.trampolines)
 .trampolines   0x000000e4        0x0 linker stubs
 *(.trampolines*)
                0x000000e4                __trampolines_end = .
 *(.jumptables)
 *(.jumptables*)
 *(.lowtext)
 *(.lowtext*)
                0x000000e4                __ctors_start = .
 *(.ctors)
                0x000000e4                __ctors_end = .
                0x000000e4                __dtors_start = .
 *(.dtors)
                0x000000e4                __dtors_end = .
 SORT(*)(.ctors)
 SORT(*)(.dtors)
 *(.init0)
 .init0         0x000000e4        0x0 c:/winavr-20071221/bin/../lib/gcc/avr/4.2.2/../../../../avr/lib/avr6/crtm2560.o
                0x000000e4                __init
 *(.init0)
 *(.init1)
 *(.init1)
 *(.init2)
 .init2         0x000000e4       0x10 c:/winavr-20071221/bin/../lib/gcc/avr/4.2.2/../../../../avr/lib/avr6/crtm2560.o
 *(.init2)
 *(.init3)
 *(.init3)
 *(.init4)
 .init4         0x000000f4       0x1a c:/winavr-20071221/bin/../lib/gcc/avr/4.2.2/../../../../avr/lib/avr6/crtm2560.o
                0x000000f4                __do_copy_data
 .init4         0x0000010e       0x10 c:/winavr-20071221/bin/../lib/gcc/avr/4.2.2/avr6\libgcc.a(_clear_bss.o)
                0x0000010e                __do_clear_bss
 *(.init4)
 *(.init5)
 *(.init5)
 *(.init6)
 *(.init6)
 *(.init7)
 *(.init7)
 *(.init8)
 *(.init8)
 *(.init9)
 .init9         0x0000011e        0x8 c:/winavr-20071221/bin/../lib/gcc/avr/4.2.2/../../../../avr/lib/avr6/crtm2560.o
 *(.init9)
 *(.text)
 .text          0x00000126        0x4 c:/winavr-20071221/bin/../lib/gcc/avr/4.2.2/../../../../avr/lib/avr6/crtm2560.o
                0x00000126                __vector_38
                0x00000126                __vector_22
                0x00000126                __vector_28
                0x00000126                __vector_1
                0x00000126                __vector_32
                0x00000126                __vector_34
                0x00000126                __vector_24
                0x00000126                __vector_12
                0x00000126                __vector_55
                0x00000126                __vector_46
                0x00000126                __bad_interrupt
                0x00000126                __vector_6
                0x00000126                __vector_31
                0x00000126                __vector_35
                0x00000126                __vector_39
                0x00000126                __vector_3
                0x00000126                __vector_23
                0x00000126                __vector_30
                0x00000126                __vector_45
                0x00000126                __vector_11
                0x00000126                __vector_54
                0x00000126                __vector_13
                0x00000126                __vector_17
                0x00000126                __vector_19
                0x00000126                __vector_56
                0x00000126                __vector_7
                0x00000126                __vector_49
                0x00000126                __vector_41
                0x00000126                __vector_43
                0x00000126                __vector_27
                0x00000126                __vector_5
                0x00000126                __vector_33
                0x00000126                __vector_47
                0x00000126                __vector_52
                0x00000126                __vector_37
                0x00000126                __vector_4
                0x00000126                __vector_44
                0x00000126                __vector_51
                0x00000126                __vector_9
                0x00000126                __vector_2
                0x00000126                __vector_21
                0x00000126                __vector_15
                0x00000126                __vector_36
                0x00000126                __vector_29
                0x00000126                __vector_40
                0x00000126                __vector_8
                0x00000126                __vector_48
                0x00000126                __vector_14
                0x00000126                __vector_53
                0x00000126                __vector_10
                0x00000126                __vector_50
                0x00000126                __vector_16
                0x00000126                __vector_18
                0x00000126                __vector_20
                0x00000126                __vector_42
 .text          0x0000012a      0x7a8 UART.o
                0x000006f2                clrscr
                0x0000017e                UART_Init
                0x00000708                setColor
                0x0000085a                __vector_25
                0x000003f2                UART0_getchar
                0x0000044a                UART0_puts
                0x00000380                UART_putchar
                0x00000762                gotoxy
                0x0000012a                UART_avalaible
                0x000007e4                __vector_26
                0x0000055e                UART0_itoa
                0x0000065c                UART0_atoi
                0x00000496                UART0_gets
 .text          0x000008d2      0x222 P9.o
                0x000009de                itor
                0x000008f0                main
                0x000008d2                InitPorts
 .text          0x00000af4        0x0 c:/winavr-20071221/bin/../lib/gcc/avr/4.2.2/avr6\libgcc.a(_udivmodqi4.o)
 .text          0x00000af4        0x0 c:/winavr-20071221/bin/../lib/gcc/avr/4.2.2/avr6\libgcc.a(_udivmodhi4.o)
 .text          0x00000af4        0x0 c:/winavr-20071221/bin/../lib/gcc/avr/4.2.2/avr6\libgcc.a(_exit.o)
 .text          0x00000af4        0x0 c:/winavr-20071221/bin/../lib/gcc/avr/4.2.2/avr6\libgcc.a(_clear_bss.o)
 .text          0x00000af4       0x4c c:/winavr-20071221/bin/../lib/gcc/avr/4.2.2/avr6\libgcc.a(_fixunssfsi.o)
                0x00000af4                __fixunssfsi
 .text          0x00000b40      0x348 c:/winavr-20071221/bin/../lib/gcc/avr/4.2.2/avr6\libgcc.a(_addsub_sf.o)
                0x00000dcc                __subsf3
                0x00000e2e                __addsf3
 .text          0x00000e88      0x16a c:/winavr-20071221/bin/../lib/gcc/avr/4.2.2/avr6\libgcc.a(_div_sf.o)
                0x00000e88                __divsf3
 .text          0x00000ff2       0x6c c:/winavr-20071221/bin/../lib/gcc/avr/4.2.2/avr6\libgcc.a(_ge_sf.o)
                0x00000ff2                __gesf2
 .text          0x0000105e       0xa6 c:/winavr-20071221/bin/../lib/gcc/avr/4.2.2/avr6\libgcc.a(_sf_to_si.o)
                0x0000105e                __fixsfsi
 .text          0x00001104        0x0 c:/winavr-20071221/bin/../lib/gcc/avr/4.2.2/avr6\libgcc.a(_thenan_sf.o)
 .text          0x00001104       0xe6 c:/winavr-20071221/bin/../lib/gcc/avr/4.2.2/avr6\libgcc.a(_usi_to_sf.o)
                0x00001104                __floatunsisf
 .text          0x000011ea        0x0 c:/winavr-20071221/bin/../lib/gcc/avr/4.2.2/avr6\libgcc.a(_prologue.o)
 .text          0x000011ea        0x0 c:/winavr-20071221/bin/../lib/gcc/avr/4.2.2/avr6\libgcc.a(_epilogue.o)
 .text          0x000011ea       0x9a c:/winavr-20071221/bin/../lib/gcc/avr/4.2.2/avr6\libgcc.a(_clzsi2.o)
                0x000011ea                __clzsi2
 .text          0x00001284      0x1c0 c:/winavr-20071221/bin/../lib/gcc/avr/4.2.2/avr6\libgcc.a(_pack_sf.o)
                0x00001284                __pack_f
 .text          0x00001444       0xe0 c:/winavr-20071221/bin/../lib/gcc/avr/4.2.2/avr6\libgcc.a(_unpack_sf.o)
                0x00001444                __unpack_f
 .text          0x00001524       0xac c:/winavr-20071221/bin/../lib/gcc/avr/4.2.2/avr6\libgcc.a(_fpcmp_parts_sf.o)
                0x00001524                __fpcmp_parts_f
 .text          0x000015d0        0x0 c:/winavr-20071221/bin/../lib/gcc/avr/4.2.2/avr6\libgcc.a(_clz.o)
                0x000015d0                . = ALIGN (0x2)
 *(.text.*)
 .text.libgcc   0x000015d0       0x18 c:/winavr-20071221/bin/../lib/gcc/avr/4.2.2/avr6\libgcc.a(_udivmodqi4.o)
                0x000015d0                __udivmodqi4
 .text.libgcc   0x000015e8       0x28 c:/winavr-20071221/bin/../lib/gcc/avr/4.2.2/avr6\libgcc.a(_udivmodhi4.o)
                0x000015e8                __udivmodhi4
 .text.libgcc   0x00001610        0x0 c:/winavr-20071221/bin/../lib/gcc/avr/4.2.2/avr6\libgcc.a(_exit.o)
 .text.libgcc   0x00001610        0x0 c:/winavr-20071221/bin/../lib/gcc/avr/4.2.2/avr6\libgcc.a(_clear_bss.o)
 .text.libgcc   0x00001610       0x38 c:/winavr-20071221/bin/../lib/gcc/avr/4.2.2/avr6\libgcc.a(_prologue.o)
                0x00001610                __prologue_saves__
 .text.libgcc   0x00001648       0x36 c:/winavr-20071221/bin/../lib/gcc/avr/4.2.2/avr6\libgcc.a(_epilogue.o)
                0x00001648                __epilogue_restores__
                0x0000167e                . = ALIGN (0x2)
 *(.fini9)
 .fini9         0x0000167e        0x0 c:/winavr-20071221/bin/../lib/gcc/avr/4.2.2/avr6\libgcc.a(_exit.o)
                0x0000167e                exit
                0x0000167e                _exit
 *(.fini9)
 *(.fini8)
 *(.fini8)
 *(.fini7)
 *(.fini7)
 *(.fini6)
 *(.fini6)
 *(.fini5)
 *(.fini5)
 *(.fini4)
 *(.fini4)
 *(.fini3)
 *(.fini3)
 *(.fini2)
 *(.fini2)
 *(.fini1)
 *(.fini1)
 *(.fini0)
 .fini0         0x0000167e        0x2 c:/winavr-20071221/bin/../lib/gcc/avr/4.2.2/avr6\libgcc.a(_exit.o)
 *(.fini0)
                0x00001680                _etext = .

.data           0x00800200      0x1d2 load address 0x00001680
                0x00800200                PROVIDE (__data_start, .)
 *(.data)
 .data          0x00800200        0x0 c:/winavr-20071221/bin/../lib/gcc/avr/4.2.2/../../../../avr/lib/avr6/crtm2560.o
 .data          0x00800200       0x16 UART.o
 .data          0x00800216       0xb3 P9.o
                0x0080025b                romanb
                0x00800281                div
 .data          0x008002c9        0x0 c:/winavr-20071221/bin/../lib/gcc/avr/4.2.2/avr6\libgcc.a(_udivmodqi4.o)
 .data          0x008002c9        0x0 c:/winavr-20071221/bin/../lib/gcc/avr/4.2.2/avr6\libgcc.a(_udivmodhi4.o)
 .data          0x008002c9        0x0 c:/winavr-20071221/bin/../lib/gcc/avr/4.2.2/avr6\libgcc.a(_exit.o)
 .data          0x008002c9        0x0 c:/winavr-20071221/bin/../lib/gcc/avr/4.2.2/avr6\libgcc.a(_clear_bss.o)
 .data          0x008002c9        0x0 c:/winavr-20071221/bin/../lib/gcc/avr/4.2.2/avr6\libgcc.a(_fixunssfsi.o)
 .data          0x008002c9        0x0 c:/winavr-20071221/bin/../lib/gcc/avr/4.2.2/avr6\libgcc.a(_addsub_sf.o)
 .data          0x008002c9        0x0 c:/winavr-20071221/bin/../lib/gcc/avr/4.2.2/avr6\libgcc.a(_div_sf.o)
 .data          0x008002c9        0x0 c:/winavr-20071221/bin/../lib/gcc/avr/4.2.2/avr6\libgcc.a(_ge_sf.o)
 .data          0x008002c9        0x0 c:/winavr-20071221/bin/../lib/gcc/avr/4.2.2/avr6\libgcc.a(_sf_to_si.o)
 .data          0x008002c9        0x8 c:/winavr-20071221/bin/../lib/gcc/avr/4.2.2/avr6\libgcc.a(_thenan_sf.o)
                0x008002c9                __thenan_sf
 .data          0x008002d1        0x0 c:/winavr-20071221/bin/../lib/gcc/avr/4.2.2/avr6\libgcc.a(_usi_to_sf.o)
 .data          0x008002d1        0x0 c:/winavr-20071221/bin/../lib/gcc/avr/4.2.2/avr6\libgcc.a(_prologue.o)
 .data          0x008002d1        0x0 c:/winavr-20071221/bin/../lib/gcc/avr/4.2.2/avr6\libgcc.a(_epilogue.o)
 .data          0x008002d1        0x0 c:/winavr-20071221/bin/../lib/gcc/avr/4.2.2/avr6\libgcc.a(_clzsi2.o)
 .data          0x008002d1        0x0 c:/winavr-20071221/bin/../lib/gcc/avr/4.2.2/avr6\libgcc.a(_pack_sf.o)
 .data          0x008002d1        0x0 c:/winavr-20071221/bin/../lib/gcc/avr/4.2.2/avr6\libgcc.a(_unpack_sf.o)
 .data          0x008002d1        0x0 c:/winavr-20071221/bin/../lib/gcc/avr/4.2.2/avr6\libgcc.a(_fpcmp_parts_sf.o)
 .data          0x008002d1      0x100 c:/winavr-20071221/bin/../lib/gcc/avr/4.2.2/avr6\libgcc.a(_clz.o)
                0x008002d1                __clz_tab
 *(.data*)
 *(.rodata)
 *(.rodata*)
 *(.gnu.linkonce.d*)
                0x008003d2                . = ALIGN (0x2)
 *fill*         0x008003d1        0x1 00
                0x008003d2                _edata = .
                0x008003d2                PROVIDE (__data_end, .)

.bss            0x008003d2       0x84 load address 0x00001852
                0x008003d2                PROVIDE (__bss_start, .)
 *(.bss)
 .bss           0x008003d2        0x0 c:/winavr-20071221/bin/../lib/gcc/avr/4.2.2/../../../../avr/lib/avr6/crtm2560.o
 .bss           0x008003d2        0x0 UART.o
 .bss           0x008003d2        0x0 P9.o
 .bss           0x008003d2        0x0 c:/winavr-20071221/bin/../lib/gcc/avr/4.2.2/avr6\libgcc.a(_udivmodqi4.o)
 .bss           0x008003d2        0x0 c:/winavr-20071221/bin/../lib/gcc/avr/4.2.2/avr6\libgcc.a(_udivmodhi4.o)
 .bss           0x008003d2        0x0 c:/winavr-20071221/bin/../lib/gcc/avr/4.2.2/avr6\libgcc.a(_exit.o)
 .bss           0x008003d2        0x0 c:/winavr-20071221/bin/../lib/gcc/avr/4.2.2/avr6\libgcc.a(_clear_bss.o)
 .bss           0x008003d2        0x0 c:/winavr-20071221/bin/../lib/gcc/avr/4.2.2/avr6\libgcc.a(_fixunssfsi.o)
 .bss           0x008003d2        0x0 c:/winavr-20071221/bin/../lib/gcc/avr/4.2.2/avr6\libgcc.a(_addsub_sf.o)
 .bss           0x008003d2        0x0 c:/winavr-20071221/bin/../lib/gcc/avr/4.2.2/avr6\libgcc.a(_div_sf.o)
 .bss           0x008003d2        0x0 c:/winavr-20071221/bin/../lib/gcc/avr/4.2.2/avr6\libgcc.a(_ge_sf.o)
 .bss           0x008003d2        0x0 c:/winavr-20071221/bin/../lib/gcc/avr/4.2.2/avr6\libgcc.a(_sf_to_si.o)
 .bss           0x008003d2        0x0 c:/winavr-20071221/bin/../lib/gcc/avr/4.2.2/avr6\libgcc.a(_thenan_sf.o)
 .bss           0x008003d2        0x0 c:/winavr-20071221/bin/../lib/gcc/avr/4.2.2/avr6\libgcc.a(_usi_to_sf.o)
 .bss           0x008003d2        0x0 c:/winavr-20071221/bin/../lib/gcc/avr/4.2.2/avr6\libgcc.a(_prologue.o)
 .bss           0x008003d2        0x0 c:/winavr-20071221/bin/../lib/gcc/avr/4.2.2/avr6\libgcc.a(_epilogue.o)
 .bss           0x008003d2        0x0 c:/winavr-20071221/bin/../lib/gcc/avr/4.2.2/avr6\libgcc.a(_clzsi2.o)
 .bss           0x008003d2        0x0 c:/winavr-20071221/bin/../lib/gcc/avr/4.2.2/avr6\libgcc.a(_pack_sf.o)
 .bss           0x008003d2        0x0 c:/winavr-20071221/bin/../lib/gcc/avr/4.2.2/avr6\libgcc.a(_unpack_sf.o)
 .bss           0x008003d2        0x0 c:/winavr-20071221/bin/../lib/gcc/avr/4.2.2/avr6\libgcc.a(_fpcmp_parts_sf.o)
 .bss           0x008003d2        0x0 c:/winavr-20071221/bin/../lib/gcc/avr/4.2.2/avr6\libgcc.a(_clz.o)
 *(.bss*)
 *(COMMON)
 COMMON         0x008003d2       0x84 UART.o
                0x008003d2                RX
                0x00800414                TX
                0x00800456                PROVIDE (__bss_end, .)
                0x00001680                __data_load_start = LOADADDR (.data)
                0x00001852                __data_load_end = (__data_load_start + SIZEOF (.data))

.noinit         0x00800456        0x0
                0x00800456                PROVIDE (__noinit_start, .)
 *(.noinit*)
                0x00800456                PROVIDE (__noinit_end, .)
                0x00800456                _end = .
                0x00800456                PROVIDE (__heap_start, .)

.eeprom         0x00810000        0x0
 *(.eeprom*)
                0x00810000                __eeprom_end = .

.fuse
 *(.fuse)
 *(.lfuse)
 *(.hfuse)
 *(.efuse)

.lock
 *(.lock*)

.signature
 *(.signature*)

.stab           0x00000000      0x42c
 *(.stab)
 .stab          0x00000000      0x42c c:/winavr-20071221/bin/../lib/gcc/avr/4.2.2/../../../../avr/lib/avr6/crtm2560.o

.stabstr        0x00000000       0x5f
 *(.stabstr)
 .stabstr       0x00000000       0x5f c:/winavr-20071221/bin/../lib/gcc/avr/4.2.2/../../../../avr/lib/avr6/crtm2560.o

.stab.excl
 *(.stab.excl)

.stab.exclstr
 *(.stab.exclstr)

.stab.index
 *(.stab.index)

.stab.indexstr
 *(.stab.indexstr)

.comment
 *(.comment)

.debug
 *(.debug)

.line
 *(.line)

.debug_srcinfo
 *(.debug_srcinfo)

.debug_sfnames
 *(.debug_sfnames)

.debug_aranges  0x00000000       0x40
 *(.debug_aranges)
 .debug_aranges
                0x00000000       0x20 UART.o
 .debug_aranges
                0x00000020       0x20 P9.o

.debug_pubnames
                0x00000000      0x128
 *(.debug_pubnames)
 .debug_pubnames
                0x00000000       0xe3 UART.o
 .debug_pubnames
                0x000000e3       0x45 P9.o

.debug_info     0x00000000      0x6e3
 *(.debug_info)
 .debug_info    0x00000000      0x4c5 UART.o
 .debug_info    0x000004c5      0x21e P9.o
 *(.gnu.linkonce.wi.*)

.debug_abbrev   0x00000000      0x1d0
 *(.debug_abbrev)
 .debug_abbrev  0x00000000      0x10c UART.o
 .debug_abbrev  0x0000010c       0xc4 P9.o

.debug_line     0x00000000      0x5b2
 *(.debug_line)
 .debug_line    0x00000000      0x3d4 UART.o
 .debug_line    0x000003d4      0x1de P9.o

.debug_frame    0x00000000      0x120
 *(.debug_frame)
 .debug_frame   0x00000000       0xe0 UART.o
 .debug_frame   0x000000e0       0x40 P9.o

.debug_str
 *(.debug_str)

.debug_loc
 *(.debug_loc)

.debug_macinfo
 *(.debug_macinfo)
OUTPUT(P9.elf elf32-avr)
LOAD linker stubs
